\BOOKMARK [1][-]{section*.1}{Motivation}{}% 1
\BOOKMARK [1][-]{section*.2}{Methods}{}% 2
\BOOKMARK [2][-]{section*.3}{Bilinear network autoregression model}{section*.2}% 3
\BOOKMARK [2][-]{section*.5}{Social influence regression}{section*.2}% 4
\BOOKMARK [2][-]{section*.6}{Estimation}{section*.2}% 5
\BOOKMARK [2][-]{section*.7}{Inference}{section*.2}% 6
\BOOKMARK [1][-]{section*.9}{Empirical Application}{}% 7
\BOOKMARK [2][-]{section*.10}{ICEWS Material Conflict}{section*.9}% 8
\BOOKMARK [2][-]{section*.12}{Parameters with direct effect}{section*.9}% 9
\BOOKMARK [2][-]{section*.13}{Parameters defining influence patterns}{section*.9}% 10
\BOOKMARK [2][-]{section*.15}{Parameter Estimates}{section*.9}% 11
\BOOKMARK [2][-]{section*.17}{Visualizing Dependence Patterns}{section*.9}% 12
\BOOKMARK [2][-]{section*.19}{Performance Comparison}{section*.9}% 13
\BOOKMARK [1][-]{section*.22}{Conclusion}{}% 14
\BOOKMARK [1][-]{section*.23}{Data Availability Statement}{}% 15
\BOOKMARK [1][-]{section*.24}{Author ORCiDs}{}% 16
\BOOKMARK [1][-]{section*.25}{Acknowledgments}{}% 17
\BOOKMARK [1][-]{section*.26}{Author Contributions}{}% 18
\BOOKMARK [1][-]{section*.27}{Financial Support/Funding Statement}{}% 19
\BOOKMARK [1][-]{section*.28}{Conflict\(s\) of Interest}{}% 20
\BOOKMARK [1][-]{section*.29}{Ethical Standards}{}% 21
\BOOKMARK [1][-]{section*.30}{References}{}% 22
\BOOKMARK [1][-]{section*.31}{Appendix}{}% 23
\BOOKMARK [2][-]{section*.33}{Convergence}{section*.31}% 24
\BOOKMARK [2][-]{section*.34}{Influence Dynamics}{section*.31}% 25
\BOOKMARK [2][-]{section*.36}{Predictions from SIR}{section*.31}% 26
\BOOKMARK [2][-]{section*.37}{Interpreting Exogenous Covariates}{section*.31}% 27
\BOOKMARK [2][-]{section*.41}{Scoring Rules for Count Data}{section*.31}% 28
\BOOKMARK [1][-]{section*.42}{Author Biographies}{}% 29
